// Jest Snapshot v1, https://jestjs.io/docs/snapshot-testing

exports[`CreatedDate should render correctly with creation date in last days 1`] = `null`;

exports[`CreatedDate should render correctly with creation date in last hours 1`] = `null`;

exports[`CreatedDate should render correctly with creation date in last minutes 1`] = `null`;

exports[`CreatedDate should render correctly with creation date in last seconds 1`] = `null`;

exports[`CreatedDate should render correctly with creation date in last weeks 1`] = `null`;

exports[`CreatedDate should render correctly with creation date in last year 1`] = `null`;
