// Jest Snapshot v1, https://jestjs.io/docs/snapshot-testing

exports[`DueDate should render correctly with days to due date 1`] = `null`;

exports[`DueDate should render correctly with expired (days past due date) 1`] = `null`;

exports[`DueDate should render correctly with expired (hours past due date) 1`] = `null`;

exports[`DueDate should render correctly with expired (minutes past due date) 1`] = `null`;

exports[`DueDate should render correctly with expired (seconds past due date) 1`] = `null`;

exports[`DueDate should render correctly with expired (weeks past due date) 1`] = `null`;

exports[`DueDate should render correctly with expired (years past due date) 1`] = `null`;

exports[`DueDate should render correctly with hours to due date 1`] = `null`;

exports[`DueDate should render correctly with minutes to due date 1`] = `null`;

exports[`DueDate should render correctly with seconds to due date 1`] = `null`;

exports[`DueDate should render correctly with weeks to due date 1`] = `null`;

exports[`DueDate should render correctly with years to due date 1`] = `null`;
