// Jest Snapshot v1, https://jestjs.io/docs/snapshot-testing

exports[`<StoreProvider /> adds task to state on assign 1`] = `null`;

exports[`<StoreProvider /> adds task to state on create 1`] = `null`;

exports[`<StoreProvider /> ignores event with outdated version 1`] = `null`;

exports[`<StoreProvider /> ignores task assigned to someone else 1`] = `null`;

exports[`<StoreProvider /> initializes 1`] = `
<div>
  <p
    className="tasks"
  />
  <p
    className="events"
  />
  <p
    className="versions"
  />
  <p
    className="fetching"
  >
    true
  </p>
  <p
    className="ready"
  >
    false
  </p>
  <p
    className="activeTask"
  />
</div>
`;

exports[`<StoreProvider /> removes task from state on complete 1`] = `null`;

exports[`<StoreProvider /> removes task from state on delete 1`] = `null`;
